// Jest Snapshot v1, https://goo.gl/fbAQLP

exports[`Recipe snapshot tries snapshots 1`] = `<span />`;
